====================================================================================
Protocol v2 evaluation
====================================================================================
  protocol sha256 534a56f27c154bbd398ef092c9f5f03d...  VERIFIED
  sealed input config/mock_fit.yaml ca00a0211dd6d50b...  VERIFIED
  6120 sessions across ladders ['mock', 'mock-fit']

  evaluate 100/6120 sessions  [57s, ~3430s left]
  evaluate 200/6120 sessions  [103s, ~3048s left]
  evaluate 300/6120 sessions  [140s, ~2707s left]
  evaluate 400/6120 sessions  [185s, ~2644s left]
  evaluate 500/6120 sessions  [221s, ~2487s left]
  evaluate 600/6120 sessions  [271s, ~2490s left]
  evaluate 700/6120 sessions  [310s, ~2402s left]
  evaluate 800/6120 sessions  [355s, ~2359s left]
  evaluate 900/6120 sessions  [399s, ~2311s left]
  evaluate 1000/6120 sessions  [434s, ~2225s left]
  evaluate 1100/6120 sessions  [479s, ~2184s left]
  evaluate 1200/6120 sessions  [513s, ~2105s left]
  evaluate 1300/6120 sessions  [557s, ~2064s left]
  evaluate 1400/6120 sessions  [593s, ~1999s left]
  evaluate 1500/6120 sessions  [635s, ~1956s left]
  evaluate 1600/6120 sessions  [676s, ~1909s left]
  evaluate 1700/6120 sessions  [713s, ~1854s left]
  evaluate 1800/6120 sessions  [755s, ~1811s left]
  evaluate 1900/6120 sessions  [794s, ~1763s left]
  evaluate 2000/6120 sessions  [835s, ~1720s left]
  evaluate 2100/6120 sessions  [874s, ~1674s left]
  evaluate 2200/6120 sessions  [914s, ~1628s left]
  evaluate 2300/6120 sessions  [954s, ~1584s left]
  evaluate 2400/6120 sessions  [992s, ~1538s left]
  evaluate 2500/6120 sessions  [1032s, ~1495s left]
  evaluate 2600/6120 sessions  [1073s, ~1453s left]
  evaluate 2700/6120 sessions  [1113s, ~1409s left]
  evaluate 2800/6120 sessions  [1155s, ~1370s left]
  evaluate 2900/6120 sessions  [1192s, ~1324s left]
  evaluate 3000/6120 sessions  [1235s, ~1284s left]
  evaluate 3100/6120 sessions  [1272s, ~1240s left]
  evaluate 3200/6120 sessions  [1314s, ~1199s left]
  evaluate 3300/6120 sessions  [1353s, ~1156s left]
  evaluate 3400/6120 sessions  [1392s, ~1114s left]
  evaluate 3500/6120 sessions  [1434s, ~1073s left]
  evaluate 3600/6120 sessions  [1470s, ~1029s left]
  evaluate 3700/6120 sessions  [1512s, ~989s left]
  evaluate 3800/6120 sessions  [1549s, ~946s left]
  evaluate 3900/6120 sessions  [1590s, ~905s left]
  evaluate 4000/6120 sessions  [1630s, ~864s left]
  evaluate 4100/6120 sessions  [1672s, ~824s left]
  evaluate 4200/6120 sessions  [1714s, ~784s left]
  evaluate 4300/6120 sessions  [1753s, ~742s left]
  evaluate 4400/6120 sessions  [1794s, ~701s left]
  evaluate 4500/6120 sessions  [1834s, ~660s left]
  evaluate 4600/6120 sessions  [1875s, ~620s left]
  evaluate 4700/6120 sessions  [1917s, ~579s left]
  evaluate 4800/6120 sessions  [1958s, ~538s left]
  evaluate 4900/6120 sessions  [2002s, ~498s left]
  evaluate 5000/6120 sessions  [2043s, ~458s left]
  evaluate 5100/6120 sessions  [2084s, ~417s left]
  evaluate 5200/6120 sessions  [2128s, ~377s left]
  evaluate 5300/6120 sessions  [2170s, ~336s left]
  evaluate 5400/6120 sessions  [2211s, ~295s left]
  evaluate 5500/6120 sessions  [2250s, ~254s left]
  evaluate 5600/6120 sessions  [2291s, ~213s left]
  evaluate 5700/6120 sessions  [2330s, ~172s left]
  evaluate 5800/6120 sessions  [2372s, ~131s left]
  evaluate 5900/6120 sessions  [2413s, ~90s left]
  evaluate 6000/6120 sessions  [2455s, ~49s left]
  evaluate 6100/6120 sessions  [2495s, ~8s left]
  evaluate 6120/6120 sessions  [2498s, ~0s left]

Wrote results/v2/sessions.jsonl (6120 sessions) in 2499s
